// Jest Snapshot v1, https://goo.gl/fbAQLP

exports[`ChitterFeed #render renders some HTML 1`] = `"<ul><hr/><div><div class=\\"container\\"><div class=\\"row\\">Hello test</div><div class=\\"row\\">Peeped by Hello a few seconds ago.</div><hr/><br/></div></div></ul>"`;
