// Jest Snapshot v1, https://goo.gl/fbAQLP

exports[`App #render informs the user that peeps are being fetched if isFetching is true 1`] = `"<div class=\\"container\\"><div class=\\"row\\"><div class=\\"col-sm-4\\"><div class=\\"row\\"><h1>Chitter</h1></div><div class=\\"row\\"><h3> Hello </h3></div></div><div class=\\"col-sm-8\\"><div class=\\"row\\"><div class=\\"col-sm\\"><h2>Loading Chitter Feed</h2></div><div class=\\"col-sm\\"><button type=\\"submit\\">Refresh Feed</button></div></div><div class=\\"row\\"></div></div></div></div>"`;
